---
source: tests/queries.rs
expression: "render(&matches(\"runnables\", &read(FIXTURE)))"
---
(tag bats-file)
  @run 1:1 #!/usr/bin/env bats …

(tag bats-test)
  @_bats-test 18:1 @test "greets by name" { …
  @run 18:1 @test

(tag bats-test)
  @_bats-test 25:1 @test 'matches a.b* (literally) [x] {y} ^$ | +? \ too' { …
  @run 25:1 @test

(tag bats-test)
  @_bats-test 29:1 @test unquoted name with words { …
  @run 29:1 @test

(tag bats-test)
  @_bats-test 36:1 @test "greets" { …
  @run 36:1 @test

(tag bats-test)
  @_bats-test 40:1 @test "matches $HOME literally" { …
  @run 40:1 @test

(tag bats-test)
  @_bats-test 44:1 @test "one line" { true; }
  @run 44:1 @test

(tag bats-test)
  @_bats-test 46:1 @test "empty" { }
  @run 46:1 @test

(tag bats-test)
  @_bats-test 48:1 function marked_by_comment { # @test …
  @run 48:10 marked_by_comment
  @_marker 48:30 # @test
